// Jest Snapshot v1, https://goo.gl/fbAQLP

exports[`select_actions actionEditUser Dispatches the correct action and payload 1`] = `
Array [
  Object {
    "payload": Object {
      "user": Object {
        "address": Object {
          "city": "Gwenborough",
          "street": "Kulas Light",
          "suite": "Apt. 556",
          "zipcode": "92998-3874",
        },
        "age": 21,
        "email": "Sincere@april.biz",
        "id": 1,
        "is_admin": true,
        "name": "Leanne Graham",
        "username": "Bret",
      },
    },
    "type": "EDIT_USER",
  },
]
`;
