// Jest Snapshot v1, https://goo.gl/fbAQLP

exports[`EditForm Edit handlers should render TextField with change Age value 1`] = `"5"`;

exports[`EditForm Edit handlers should render TextField with change Email value 1`] = `"Test@gmail.com"`;

exports[`EditForm Edit handlers should render TextField with change First Name value 1`] = `"Test"`;

exports[`EditForm Edit handlers should render TextField with change Last Name value 1`] = `"5"`;

exports[`EditForm should render TextField with Age default value 1`] = `"21"`;

exports[`EditForm should render TextField with Email default value 1`] = `"Sincere@april.biz"`;

exports[`EditForm should render TextField with FirstName default value 1`] = `"Leanne"`;

exports[`EditForm should render TextField with LastName default value 1`] = `"Graham"`;
